main.c:75:5:_write	24	static
main.c:80:6:map	24	static
main.c:92:5:main	120	static
main.c:174:6:SystemClock_Config	88	static
main.c:219:13:MX_ADC1_Init	24	static
main.c:293:13:MX_SPI1_Init	8	static
main.c:331:13:MX_TIM2_Init	32	static
main.c:376:13:MX_USART2_UART_Init	8	static
main.c:407:13:MX_DMA_Init	16	static
main.c:425:13:MX_GPIO_Init	48	static
main.c:458:6:HAL_ADC_ConvCpltCallback	16	static
main.c:486:6:HAL_TIM_PeriodElapsedCallback	16	static
main.c:503:6:Error_Handler	4	static,ignoring_inline_asm
