main.c:83:5:_write	24	static
main.c:88:9:map_8Bit	24	static
main.c:93:6:HAL_GPIO_EXTI_Callback	24	static
main.c:126:6:HAL_ADC_ConvCpltCallback	16	static
main.c:137:5:main	112	static
main.c:237:6:SystemClock_Config	88	static
main.c:282:13:MX_ADC1_Init	24	static
main.c:356:13:MX_SPI1_Init	8	static
main.c:394:13:MX_TIM2_Init	32	static
main.c:439:13:MX_USART2_UART_Init	8	static
main.c:470:13:MX_DMA_Init	16	static
main.c:488:13:MX_GPIO_Init	48	static
main.c:554:6:HAL_TIM_PeriodElapsedCallback	16	static
main.c:571:6:Error_Handler	4	static,ignoring_inline_asm
